RUN  off:regime 20250201-20260630-v13-9b22b36d ...
DONE off:regime 20250201-20260630-v13-9b22b36d 67s net=142,043 trades=286
RUN  off:gx_poc_shape 20250201-20260630-v13-8a55b2dd ...
DONE off:gx_poc_shape 20250201-20260630-v13-8a55b2dd 44s net=133,685 trades=281
RUN  off:gx_overhang 20250201-20260630-v13-1b55f645 ...
DONE off:gx_overhang 20250201-20260630-v13-1b55f645 53s net=112,350 trades=341
SKIP off:chop 20250201-20260630-v13-d2f44d4e (exists)
RUN  regime:bbr0.30 20250201-20260630-v13-da5c091a ...
DONE regime:bbr0.30 20250201-20260630-v13-da5c091a 50s net=150,458 trades=261
RUN  regime:bbr0.40 20250201-20260630-v13-8c45d29a ...
DONE regime:bbr0.40 20250201-20260630-v13-8c45d29a 50s net=145,885 trades=265
RUN  overhang:40 20250201-20260630-v13-61f149c8 ...
DONE overhang:40 20250201-20260630-v13-61f149c8 54s net=150,452 trades=260
RUN  overhang:60 20250201-20260630-v13-b690b287 ...
DONE overhang:60 20250201-20260630-v13-b690b287 51s net=145,840 trades=264
RUN  pocshape:25-75 20250201-20260630-v13-4074af2b ...
DONE pocshape:25-75 20250201-20260630-v13-4074af2b 50s net=141,256 trades=267
RUN  pocshape:25-125 20250201-20260630-v13-6f034831 ...
DONE pocshape:25-125 20250201-20260630-v13-6f034831 51s net=141,604 trades=261
SKIP chop:0.60 20250201-20260630-v13-4a1f81e9 (exists)
SKIP chop:0.70 20250201-20260630-v13-9951f7bf (exists)
ALL DONE
